// Jest Snapshot v1, https://goo.gl/fbAQLP

exports[`Home should render with default props 1`] = `
<Home
  classes={
    Object {
      "face": "Home-face-1",
    }
  }
/>
`;
